// 重构日志: 1ca9d710
// 重构日志: 2b2593d3
// 同步 ID: 2dd6a0d9 @ Wed Jul 29 16:59:04 UTC 2026
// 同步 ID: b2b08923 @ Thu Jul 30 05:28:08 UTC 2026
// 同步 ID: 3f64a4da @ Thu Jul 30 10:09:33 UTC 2026
// 重构日志: 24f87a11
// 重构日志: 77bdcd0d
// 同步 ID: e0c9bbf2 @ Sat Aug  1 16:38:29 UTC 2026
// 重构日志: 6f7310ab
// 重构日志: 5249acb9
// 重构日志: 44ee165b
// 重构日志: 1d753878
// 重构日志: 9975d8f3
// 重构日志: 3dd03826
// 重构日志: 843180f0
// 重构日志: b9307894
// 重构日志: c971222e
// 重构日志: b239d2e5
// 重构日志: 3653e42f
// 重构日志: 2d33fdb1
// 重构日志: 552e887f
// 重构日志: 1a5d2b79
// 重构日志: 89a39fa4
// 重构日志: c1268ba1
// 重构日志: cea81f43
// 重构日志: e9dffb44
// 重构日志: f149bc99
// 同步 ID: f8bddc2b @ Fri Aug  7 09:08:48 UTC 2026
// 重构日志: 8a0a481c
// 同步 ID: 8da772f8 @ Fri Aug  7 21:37:38 UTC 2026
// 重构日志: 862947db
// 重构日志: ced79809
// 重构日志: 3d41a7b6
